Using SPARSE 1.3 as Direct Linear Solver

Note: No compatibility mode selected!


Circuit: * auto-generated circuit

Doing analysis at TEMP = 27.000000 and TNOM = 27.000000


No. of Data Rows : 1
@q_qn[ib] = 2.344657e-01
@q_qn[ic] = 1.117383e-02
@q_qn[ie] = -2.45640e-01
@q_qn[is] = 3.076823e-14
@q_qp[ib] = -1.03795e-02
@q_qp[ic] = -1.30122e-01
@q_qp[ie] = 1.405020e-01
@q_qp[is] = 1.120571e-11
@r_gnd_full[i] = 1.200000e-11
@r_gnd_lamp[i] = 1.190445e-11
@r_gnd_mid[i] = 6.000000e-12
@r_gnd_nbase[i] = 8.264785e-13
@r_gnd_ncoll[i] = 3.188561e-14
@r_gnd_pbase[i] = 1.120571e-11
@r_gnd_vcc[i] = 1.200000e-11
@r_lamp[i] = 1.190445e-01
@r_pot_l[i] = 8.264785e-05
@r_pot_r[i] = -2.23470e-01
@r_rdrive[i] = -1.11738e-02
@r_rfb[i] = 1.107797e-02
@r_rpull[i] = 7.942885e-04
@r_sw[i] = 3.647666e-01
full = 1.200000e+01
lamp = 1.190445e+01
mid = 6.000000e+00
nbase = 8.264785e-01
ncoll = 3.188561e-02
pbase = 1.120571e+01
v_ps1#branch = -3.64767e-01
v_ps2#branch = -3.64767e-01
vcc = 1.200000e+01
ngspice-42 done
