nodeset: no such command available in ngspice
Using SPARSE 1.3 as Direct Linear Solver

Note: No compatibility mode selected!


Circuit: * auto-generated circuit

Doing analysis at TEMP = 27.000000 and TNOM = 27.000000


No. of Data Rows : 1
@q_qn[ib] = -1.18952e-11
@q_qn[ic] = 1.205475e-11
@q_qn[ie] = -1.21595e-11
@q_qn[is] = 1.200000e-11
@q_qp[ib] = 4.807369e-15
@q_qp[ic] = -1.20160e-11
@q_qp[ie] = 1.119958e-14
@q_qp[is] = 1.200000e-11
@r_gnd_full[i] = 1.200000e-11
@r_gnd_lamp[i] = 5.192558e-15
@r_gnd_mid[i] = 6.000000e-12
@r_gnd_nbase[i] = 5.711813e-14
@r_gnd_ncoll[i] = 1.200000e-11
@r_gnd_pbase[i] = 1.200000e-11
@r_gnd_vcc[i] = 1.200000e-11
@r_lamp[i] = 5.192558e-05
@r_pot_l[i] = 1.142363e-03
@r_pot_r[i] = -1.19429e-03
@r_rdrive[i] = -3.60514e-11
@r_rfb[i] = -5.19256e-05
@r_rpull[i] = 7.205624e-11
@r_sw[i] = 1.194289e-03
full = 1.200000e+01
lamp = 5.192558e-03
mid = 6.000000e+00
nbase = 5.711813e-02
ncoll = 1.200000e+01
pbase = 1.200000e+01
v_ps1#branch = -1.19429e-03
v_ps2#branch = -1.19429e-03
vcc = 1.200000e+01
ngspice-42 done
